// Jest Snapshot v1, https://goo.gl/fbAQLP

exports[`requestNewCards 1`] = `
Array [
  "Preparing",
  "Dealing",
  "Selection",
]
`;

exports[`requestNewCards 2`] = `
Array [
  Array [],
  Array [],
  Array [
    "Hidden",
    "Hidden",
    "Hidden",
    "Hidden",
    "Hidden",
  ],
  Array [
    "Dealing",
    "Hidden",
    "Hidden",
    "Hidden",
    "Hidden",
  ],
  Array [
    "Dealing",
    "Dealing",
    "Hidden",
    "Hidden",
    "Hidden",
  ],
  Array [
    "Dealing",
    "Dealing",
    "Dealing",
    "Hidden",
    "Hidden",
  ],
  Array [
    "Dealing",
    "Dealing",
    "Dealing",
    "Dealing",
    "Hidden",
  ],
  Array [
    "Dealing",
    "Dealing",
    "Dealing",
    "Dealing",
    "Dealing",
  ],
  Array [
    undefined,
    undefined,
    undefined,
    undefined,
    undefined,
  ],
]
`;
